###############################################################################
#
# IAR ELF Linker V7.20.1.7305/W32 for ARM                 28/May/2018  09:17:44
# Copyright 2007-2014 IAR Systems AB.
#
#    Output file  =  
#        C:\Users\ENGENUICS5\Documents\GitHub\SummerCamp2018_RC_Car\iar_7_20_1\Debug\Exe\mpg51-SD3-SDK4-efwm-01.out
#    Map file     =  
#        C:\Users\ENGENUICS5\Documents\GitHub\SummerCamp2018_RC_Car\iar_7_20_1\Debug\List\mpg51-SD3-SDK4-efwm-01.map
#    Command line =  
#        C:\Users\ENGENUICS5\Documents\GitHub\SummerCamp2018_RC_Car\iar_7_20_1\Debug\Obj\anttt-ehdw-04.o
#        C:\Users\ENGENUICS5\Documents\GitHub\SummerCamp2018_RC_Car\iar_7_20_1\Debug\Obj\anttt.o
#        C:\Users\ENGENUICS5\Documents\GitHub\SummerCamp2018_RC_Car\iar_7_20_1\Debug\Obj\iar_startup_nrf51.o
#        C:\Users\ENGENUICS5\Documents\GitHub\SummerCamp2018_RC_Car\iar_7_20_1\Debug\Obj\interrupts.o
#        C:\Users\ENGENUICS5\Documents\GitHub\SummerCamp2018_RC_Car\iar_7_20_1\Debug\Obj\leds_anttt.o
#        C:\Users\ENGENUICS5\Documents\GitHub\SummerCamp2018_RC_Car\iar_7_20_1\Debug\Obj\main.o
#        C:\Users\ENGENUICS5\Documents\GitHub\SummerCamp2018_RC_Car\iar_7_20_1\Debug\Obj\utilities.o
#        --redirect _Printf=_PrintfTiny --redirect _Scanf=_ScanfSmallNoMb -o
#        C:\Users\ENGENUICS5\Documents\GitHub\SummerCamp2018_RC_Car\iar_7_20_1\Debug\Exe\mpg51-SD3-SDK4-efwm-01.out
#        --map
#        C:\Users\ENGENUICS5\Documents\GitHub\SummerCamp2018_RC_Car\iar_7_20_1\Debug\List\mpg51-SD3-SDK4-efwm-01.map
#        --config
#        C:\Users\ENGENUICS5\Documents\GitHub\SummerCamp2018_RC_Car\iar_7_20_1\..\nordic_sdk4_2_2\Source\nRF51422_QFAA.icf
#        --semihosting --entry __iar_program_start --vfe
#
###############################################################################

*******************************************************************************
*** MESSAGES
***

Error[Li005]: no definition for "ButtonInitialize" [referenced from C:\Users\EN
          GENUICS5\Documents\GitHub\SummerCamp2018_RC_Car\iar_7_20_1\Debug\Obj\
          main.o]
Error[Li005]: no definition for "ButtonRunActiveState" [referenced from C:\User
          s\ENGENUICS5\Documents\GitHub\SummerCamp2018_RC_Car\iar_7_20_1\Debug\
          Obj\main.o]
Error[Li005]: no definition for "Scrcc_SM" [referenced from C:\Users\ENGENUICS5
          \Documents\GitHub\SummerCamp2018_RC_Car\iar_7_20_1\Debug\Obj\main.o]
Error[Li005]: no definition for "IsButtonPressed" [referenced from C:\Users\ENG
          ENUICS5\Documents\GitHub\SummerCamp2018_RC_Car\iar_7_20_1\Debug\Obj\a
          nttt.o]


*******************************************************************************
*** RUNTIME MODEL ATTRIBUTES
***

CppFlavor       = *
__SystemLibrary = DLib


*******************************************************************************
*** PLACEMENT SUMMARY
***

"A1":  place at 0x0000c000 { ro section .intvec };
"P1":  place in [from 0x0000c0c0 to 0x0003ffff] { ro };
"P2":  place in [from 0x20000900 to 0x20003fff] { rw, block CSTACK, block HEAP };

  Section            Kind        Address   Size  Object
  -------            ----        -------   ----  ------
"A1":                                      0xc0
  .intvec            ro code  0x0000c000   0xc0  iar_startup_nrf51.o [1]
                            - 0x0000c0c0   0xc0

"P1":                                     0x9cc
  .text              ro code  0x0000c0c0  0x2d8  anttt-ehdw-04.o [1]
  .text              ro code  0x0000c398  0x2c4  leds_anttt.o [1]
  .text              ro code  0x0000c65c  0x178  anttt.o [1]
  .text              ro code  0x0000c7d4   0x58  main.o [1]
  .text              ro code  0x0000c82c   0x30  copy_init3.o [4]
  .text              ro code  0x0000c85c   0x2a  zero_init3.o [4]
  .text              ro code  0x0000c886    0x2  iar_startup_nrf51.o [1]
  .text              ro code  0x0000c888   0x28  data_init.o [4]
  .iar.init_table    const    0x0000c8b0   0x24  - Linker created -
  .text              ro code  0x0000c8d4   0x1a  cmain.o [4]
  .text              ro code  0x0000c8ee    0x4  low_level_init.o [3]
  .text              ro code  0x0000c8f2    0x8  exit.o [3]
  .text              ro code  0x0000c8fa    0x2  iar_startup_nrf51.o [1]
  .text              ro code  0x0000c8fc    0xa  cexit.o [4]
  .text              ro code  0x0000c906    0x2  iar_startup_nrf51.o [1]
  .text              ro code  0x0000c908   0x14  exit.o [5]
  .text              ro code  0x0000c91c   0x18  iar_startup_nrf51.o [1]
  .text              ro code  0x0000c934    0xc  cstartup_M.o [4]
  .rodata            const    0x0000c940    0x8  leds_anttt.o [1]
  .rodata            const    0x0000c948    0x8  leds_anttt.o [1]
  .text              ro code  0x0000c950    0x8  interrupts.o [1]
  .rodata            const    0x0000c958    0x4  leds_anttt.o [1]
  .text              ro code  0x0000c95c    0x2  iar_startup_nrf51.o [1]
  .text              ro code  0x0000c95e    0x2  iar_startup_nrf51.o [1]
  .text              ro code  0x0000c960    0x2  iar_startup_nrf51.o [1]
  .text              ro code  0x0000c962    0x2  iar_startup_nrf51.o [1]
  .text              ro code  0x0000c964    0x2  iar_startup_nrf51.o [1]
  .text              ro code  0x0000c966    0x2  iar_startup_nrf51.o [1]
  .text              ro code  0x0000c968    0x2  iar_startup_nrf51.o [1]
  .text              ro code  0x0000c96a    0x2  iar_startup_nrf51.o [1]
  .text              ro code  0x0000c96c    0x2  iar_startup_nrf51.o [1]
  .text              ro code  0x0000c96e    0x2  iar_startup_nrf51.o [1]
  .text              ro code  0x0000c970    0x2  iar_startup_nrf51.o [1]
  .text              ro code  0x0000c972    0x2  iar_startup_nrf51.o [1]
  .text              ro code  0x0000c974    0x2  iar_startup_nrf51.o [1]
  .text              ro code  0x0000c976    0x2  iar_startup_nrf51.o [1]
  .text              ro code  0x0000c978    0x2  iar_startup_nrf51.o [1]
  .text              ro code  0x0000c97a    0x2  iar_startup_nrf51.o [1]
  .text              ro code  0x0000c97c    0x2  iar_startup_nrf51.o [1]
  .text              ro code  0x0000c97e    0x2  iar_startup_nrf51.o [1]
  .text              ro code  0x0000c980    0x2  iar_startup_nrf51.o [1]
  .text              ro code  0x0000c982    0x2  iar_startup_nrf51.o [1]
  .text              ro code  0x0000c984    0x2  iar_startup_nrf51.o [1]
  .text              ro code  0x0000c986    0x2  iar_startup_nrf51.o [1]
  .text              ro code  0x0000c988    0x2  iar_startup_nrf51.o [1]
  .text              ro code  0x0000c98a    0x2  iar_startup_nrf51.o [1]
  .text              ro code  0x0000c98c    0x2  iar_startup_nrf51.o [1]
  .rodata            const    0x0000c98e    0x0  zero_init3.o [4]
  .rodata            const    0x0000c98e    0x0  copy_init3.o [4]
  Initializer bytes  ro data  0x0000c990   0xfc  <for P2 s0> (used: 0x0)
                            - 0x0000ca8c  0x9cc

"P2":                                     0x910
  P2 s0                       0x20000900   0xfc  <Init block>
    .data            inited   0x20000900   0xa8  leds_anttt.o [1]
    .data            inited   0x200009a8   0x54  leds_anttt.o [1]
  .bss               zero     0x200009fc    0x4  anttt-ehdw-04.o [1]
  .bss               zero     0x20000a00    0x4  anttt-ehdw-04.o [1]
  .bss               zero     0x20000a04    0x4  anttt.o [1]
  .bss               zero     0x20000a08    0x4  main.o [1]
  CSTACK                      0x20000a10  0x800  <Block>
    CSTACK           uninit   0x20000a10  0x800  <Block tail>
                            - 0x20001210  0x910


*******************************************************************************
*** INIT TABLE
***

          Address     Size
          -------     ----
Zero (__iar_zero_init3)
    1 destination range, total size 0x10:
          0x200009fc  0x10

Copy (__iar_copy_init3)
    1 source range, total size 0xfc:
          0x0000c990  0xfc
    1 destination range, total size 0xfc:
          0x20000900  0xfc



*******************************************************************************
*** MODULE SUMMARY
***

    Module               ro code  ro data  rw data
    ------               -------  -------  -------
C:\Users\ENGENUICS5\Documents\GitHub\SummerCamp2018_RC_Car\iar_7_20_1\Debug\Obj: [1]
    anttt-ehdw-04.o          728                 8
    anttt.o                  376                 4
    iar_startup_nrf51.o      272
    interrupts.o               8
    leds_anttt.o             708      272      252
    main.o                    88                 4
    ----------------------------------------------
    Total:                 2 180      272      268

command line: [2]
    ----------------------------------------------
    Total:

dl6M_tln.a: [3]
    exit.o                     8
    low_level_init.o           4
    ----------------------------------------------
    Total:                    12

rt6M_tl.a: [4]
    cexit.o                   10
    cmain.o                   26
    copy_init3.o              48
    cstartup_M.o              12
    data_init.o               40
    zero_init3.o              42
    ----------------------------------------------
    Total:                   178

shb_l.a: [5]
    exit.o                    20
    ----------------------------------------------
    Total:                    20

    Linker created                     38    2 048
--------------------------------------------------
    Grand Total:           2 390      310    2 316


*******************************************************************************
*** ENTRY LIST
***

Entry                    Address   Size  Type      Object
-----                    -------   ----  ----      ------
?main                 0x0000c8d5         Code  Gb  cmain.o [4]
CSTACK$$Base          0x20000a10          --   Gb  - Linker created -
CSTACK$$Limit         0x20001210          --   Gb  - Linker created -
ClockSetup            0x0000c209   0x5e  Code  Gb  anttt-ehdw-04.o [1]
G_u32SystemFlags      0x20000a08    0x4  Data  Gb  main.o [1]
G_u32SystemTime1ms    0x200009fc    0x4  Data  Gb  anttt-ehdw-04.o [1]
G_u32SystemTime1s     0x20000a00    0x4  Data  Gb  anttt-ehdw-04.o [1]
GpioSetup             0x0000c14d   0xbc  Code  Gb  anttt-ehdw-04.o [1]
HardFault_Handler     0x0000c951    0x4  Code  Gb  interrupts.o [1]
InterruptSetup        0x0000c26d    0x2  Code  Gb  anttt-ehdw-04.o [1]
LedInitialize         0x0000c467   0x6c  Code  Gb  leds_anttt.o [1]
LedOff                0x0000c3d7   0x3e  Code  Gb  leds_anttt.o [1]
LedOn                 0x0000c399   0x3e  Code  Gb  leds_anttt.o [1]
LedPWM                0x0000c42f   0x38  Code  Gb  leds_anttt.o [1]
LedToggle             0x0000c415   0x1a  Code  Gb  leds_anttt.o [1]
LedUpdate             0x0000c4d3  0x15c  Code  Gb  leds_anttt.o [1]
Led_au32BitPositions  0x200009a8   0x54  Data  Lc  leds_anttt.o [1]
Leds_asLedArray       0x20000900   0xa8  Data  Lc  leds_anttt.o [1]
NVIC_SetPriority      0x0000c0c1   0x8a  Code  Lc  anttt-ehdw-04.o [1]
Region$$Table$$Base   0x0000c8b0          --   Gb  - Linker created -
Region$$Table$$Limit  0x0000c8d4          --   Gb  - Linker created -
SCRCC_SM              0x20000a04    0x4  Data  Gb  anttt.o [1]
ScrccInitialize       0x0000c65d    0x8  Code  Gb  anttt.o [1]
ScrccSM_Active        0x0000c77b   0x4a  Code  Lc  anttt.o [1]
ScrccSM_Idle          0x0000c745   0x36  Code  Lc  anttt.o [1]
Scrcc_Backward        0x0000c69d   0x38  Code  Lc  anttt.o [1]
Scrcc_Forward         0x0000c665   0x38  Code  Lc  anttt.o [1]
Scrcc_LeftTurn        0x0000c6d5   0x38  Code  Lc  anttt.o [1]
Scrcc_RightTurn       0x0000c70d   0x38  Code  Lc  anttt.o [1]
SysTickSetup          0x0000c26f   0x46  Code  Gb  anttt-ehdw-04.o [1]
SystemSleep           0x0000c2b5   0x20  Code  Gb  anttt-ehdw-04.o [1]
TIMER1_IRQHandler     0x0000c955    0x4  Code  Gb  interrupts.o [1]
WatchDogSetup         0x0000c14b    0x2  Code  Gb  anttt-ehdw-04.o [1]
__Vectors             0x0000c000          --   Gb  iar_startup_nrf51.o [1]
__Vectors_End         0x0000c0c0         Data  Gb  iar_startup_nrf51.o [1]
__Vectors_Size {Abs}  0x000000c0          --   Gb  iar_startup_nrf51.o [1]
__as_entries_start    0xffffffff          --   Gb  command line/config [2]
__as_table_start      0xffffffff          --   Gb  command line/config [2]
__cmain               0x0000c8d5         Code  Gb  cmain.o [4]
__exit                0x0000c909   0x14  Code  Gb  exit.o [5]
__iar_copy_init3      0x0000c82d   0x30  Code  Gb  copy_init3.o [4]
__iar_data_init3      0x0000c889   0x28  Code  Gb  data_init.o [4]
__iar_program_start   0x0000c935         Code  Gb  cstartup_M.o [4]
__iar_zero_init3      0x0000c85d   0x2a  Code  Gb  zero_init3.o [4]
__low_level_init      0x0000c8ef    0x4  Code  Gb  low_level_init.o [3]
__vector_table        0x0000c000         Data  Gb  iar_startup_nrf51.o [1]
_call_main            0x0000c8e1         Code  Gb  cmain.o [4]
_exit                 0x0000c8fd         Code  Gb  cexit.o [4]
_main                 0x0000c8eb         Code  Gb  cmain.o [4]
exit                  0x0000c8f3    0x8  Code  Gb  exit.o [3]
main                  0x0000c7d5   0x58  Code  Gb  main.o [1]


[1] = C:\Users\ENGENUICS5\Documents\GitHub\SummerCamp2018_RC_Car\iar_7_20_1\Debug\Obj
[2] = command line
[3] = dl6M_tln.a
[4] = rt6M_tl.a
[5] = shb_l.a

  2 390 bytes of readonly  code memory
    310 bytes of readonly  data memory
  2 316 bytes of readwrite data memory

Errors: 4
Warnings: none
